2026-10-09 20:25:30 [INFO ] OpenCSVFileManager:22 - 📂 Reading CSV file: src/main/resources/invalidEmployees.csv
2026-10-09 20:25:30 [INFO ] OpenCSVFileManager:32 - ✅ CSV loaded: 7 columns, 7 rows from [src/main/resources/invalidEmployees.csv]
2026-10-09 20:25:30 [INFO ] OpenCSVFileManager:22 - 📂 Reading CSV file: src/main/resources/employees.csv
2026-10-09 20:25:30 [INFO ] OpenCSVFileManager:32 - ✅ CSV loaded: 24 columns, 10 rows from [src/main/resources/employees.csv]
2026-10-09 20:25:30 [INFO ] JsonFileManager:34 - 📄 Loading JSON from [src/main/resources/users.json]
2026-10-09 20:25:31 [DEBUG] JsonFileManager:45 - ✅ Loaded 3 top-level keys from [src/main/resources/users.json]
2026-10-09 20:25:31 [INFO ] OpenCSVFileManager:22 - 📂 Reading CSV file: src/main/resources/usernames.csv
2026-10-09 20:25:31 [INFO ] OpenCSVFileManager:32 - ✅ CSV loaded: 6 columns, 10 rows from [src/main/resources/usernames.csv]
2026-10-09 20:25:31 [INFO ] OpenCSVFileManager:22 - 📂 Reading CSV file: src/main/resources/employees.csv
2026-10-09 20:25:31 [INFO ] OpenCSVFileManager:32 - ✅ CSV loaded: 24 columns, 10 rows from [src/main/resources/employees.csv]
2026-10-09 20:25:31 [INFO ] OpenCSVFileManager:22 - 📂 Reading CSV file: src/main/resources/invalidEmployees.csv
2026-10-09 20:25:31 [INFO ] OpenCSVFileManager:32 - ✅ CSV loaded: 7 columns, 7 rows from [src/main/resources/invalidEmployees.csv]
2026-10-09 20:25:31 [INFO ] DataProviderTest:38 - 📋 Supplying valid Employees data
2026-10-09 20:25:31 [INFO ] JsonFileManager:34 - 📄 Loading JSON from [src/main/resources/urls.json]
2026-10-09 20:25:31 [DEBUG] JsonFileManager:45 - ✅ Loaded 5 top-level keys from [src/main/resources/urls.json]
2026-10-09 20:25:31 [INFO ] JsonFileManager:34 - 📄 Loading JSON from [src/main/resources/users.json]
2026-10-09 20:25:31 [DEBUG] JsonFileManager:45 - ✅ Loaded 3 top-level keys from [src/main/resources/users.json]
2026-10-09 20:25:31 [INFO ] OpenCSVFileManager:22 - 📂 Reading CSV file: src/main/resources/invalidEmployees.csv
2026-10-09 20:25:31 [INFO ] OpenCSVFileManager:32 - ✅ CSV loaded: 7 columns, 7 rows from [src/main/resources/invalidEmployees.csv]
2026-10-09 20:25:31 [INFO ] OpenCSVFileManager:22 - 📂 Reading CSV file: src/main/resources/employees.csv
2026-10-09 20:25:31 [INFO ] OpenCSVFileManager:32 - ✅ CSV loaded: 24 columns, 10 rows from [src/main/resources/employees.csv]
2026-10-09 20:25:31 [INFO ] BaseTest:33 - 🚀 Starting Chrome driver
2026-10-09 20:25:31 [INFO ] GetChromeDriver:17 - 🌐 Creating new Chrome driver with --incognito
2026-10-09 20:25:33 [DEBUG] GetChromeDriver:22 - ✅ Chrome driver created
2026-10-09 20:25:33 [DEBUG] BaseTest:35 - 🔍 Driver created: ChromeDriver: chrome on windows (23b3b8f59159765d48116dcd6d412d04)
2026-10-09 20:25:35 [DEBUG] JsonFileManager:60 - 🔑 Value of key 'admin': {username=Admin, password=admin123}
2026-10-09 20:25:35 [DEBUG] BasePage:29 - 🔎 Waiting for element: By.name: username
2026-10-09 20:25:36 [DEBUG] BasePage:29 - 🔎 Waiting for element: By.name: password
2026-10-09 20:25:36 [DEBUG] BasePage:29 - 🔎 Waiting for element: By.xpath: //button[@type='submit']
2026-10-09 20:25:37 [DEBUG] JsonFileManager:60 - 🔑 Value of key 'dashboard': https://opensource-demo.orangehrmlive.com/web/index.php/dashboard/index
2026-10-09 20:25:37 [DEBUG] BasePage:29 - 🔎 Waiting for element: By.className: oxd-topbar-header-breadcrumb
2026-10-09 20:25:38 [DEBUG] BasePage:29 - 🔎 Waiting for element: By.linkText: PIM
2026-10-09 20:25:38 [DEBUG] JsonFileManager:60 - 🔑 Value of key 'PIM': https://opensource-demo.orangehrmlive.com/web/index.php/pim/viewEmployeeList
2026-10-09 20:25:38 [DEBUG] BasePage:29 - 🔎 Waiting for element: By.className: oxd-topbar-header-breadcrumb
2026-10-09 20:25:39 [DEBUG] BasePage:29 - 🔎 Waiting for element: By.linkText: Add Employee
2026-10-09 20:25:40 [DEBUG] JsonFileManager:60 - 🔑 Value of key 'addEmployee': https://opensource-demo.orangehrmlive.com/web/index.php/pim/addEmployee
2026-10-09 20:25:40 [DEBUG] BasePage:29 - 🔎 Waiting for element: By.name: firstName
2026-10-09 20:25:41 [INFO ] BasePage:78 - ⌨️ Cleared and entered text into By.name: firstName
2026-10-09 20:25:41 [DEBUG] BasePage:29 - 🔎 Waiting for element: By.name: middleName
2026-10-09 20:25:41 [INFO ] BasePage:78 - ⌨️ Cleared and entered text into By.name: middleName
2026-10-09 20:25:41 [DEBUG] BasePage:29 - 🔎 Waiting for element: By.name: lastName
2026-10-09 20:25:42 [INFO ] BasePage:78 - ⌨️ Cleared and entered text into By.name: lastName
2026-10-09 20:25:42 [DEBUG] BasePage:29 - 🔎 Waiting for element: By.xpath: //label[normalize-space()='Employee Id']/parent::div/following-sibling::div//input
2026-10-09 20:25:42 [INFO ] BasePage:78 - ⌨️ Cleared and entered text into By.xpath: //label[normalize-space()='Employee Id']/parent::div/following-sibling::div//input
2026-10-09 20:25:42 [DEBUG] BasePage:29 - 🔎 Waiting for element: By.xpath: //div[contains(@class,'user-form-header')]//span[contains(@class,'oxd-switch-input')]
2026-10-09 20:25:42 [DEBUG] BasePage:29 - 🔎 Waiting for element: By.xpath: //label[normalize-space()='Username']/parent::div/following-sibling::div//input
2026-10-09 20:25:42 [INFO ] BasePage:78 - ⌨️ Cleared and entered text into By.xpath: //label[normalize-space()='Username']/parent::div/following-sibling::div//input
2026-10-09 20:25:42 [DEBUG] BasePage:29 - 🔎 Waiting for element: By.xpath: //label[normalize-space()='Enabled']
2026-10-09 20:25:42 [DEBUG] BasePage:29 - 🔎 Waiting for element: By.xpath: //label[normalize-space()='Password']/parent::div/following-sibling::div//input
2026-10-09 20:25:43 [INFO ] BasePage:78 - ⌨️ Cleared and entered text into By.xpath: //label[normalize-space()='Password']/parent::div/following-sibling::div//input
2026-10-09 20:25:43 [DEBUG] BasePage:29 - 🔎 Waiting for element: By.xpath: //label[normalize-space()='Confirm Password']/parent::div/following-sibling::div//input
2026-10-09 20:25:43 [INFO ] BasePage:78 - ⌨️ Cleared and entered text into By.xpath: //label[normalize-space()='Confirm Password']/parent::div/following-sibling::div//input
2026-10-09 20:25:43 [DEBUG] BasePage:29 - 🔎 Waiting for element: By.xpath: //button[normalize-space()='Save']
2026-10-09 20:25:46 [DEBUG] BasePage:29 - 🔎 Waiting for element: By.xpath: //span[contains(@class,'oxd-userdropdown-tab')]
2026-10-09 20:25:46 [DEBUG] BasePage:29 - 🔎 Waiting for element: By.xpath: //a[normalize-space()='Logout']
2026-10-09 20:25:47 [DEBUG] JsonFileManager:60 - 🔑 Value of key 'url': https://opensource-demo.orangehrmlive.com/web/index.php/auth/login
2026-10-09 20:25:47 [DEBUG] BasePage:29 - 🔎 Waiting for element: By.name: username
2026-10-09 20:25:47 [DEBUG] BasePage:29 - 🔎 Waiting for element: By.name: password
2026-10-09 20:25:47 [DEBUG] BasePage:29 - 🔎 Waiting for element: By.xpath: //button[@type='submit']
2026-10-09 20:25:48 [DEBUG] JsonFileManager:60 - 🔑 Value of key 'dashboard': https://opensource-demo.orangehrmlive.com/web/index.php/dashboard/index
2026-10-09 20:25:48 [DEBUG] BasePage:29 - 🔎 Waiting for element: By.className: oxd-topbar-header-breadcrumb
2026-10-09 20:25:49 [INFO ] BaseTest:46 - 🛑 Quitting Chrome driver
2026-10-09 20:25:49 [INFO ] GetChromeDriver:35 - 🛑 Quitting Chrome driver
2026-10-09 20:25:49 [DEBUG] GetChromeDriver:38 - 🧹 Chrome driver quit successfully
2026-10-09 20:25:49 [DEBUG] BaseTest:49 - 🧹 Driver quit and references cleared
2026-10-09 20:25:50 [INFO ] DataProviderTest:58 - 📋 Supplying valid Usernames data
2026-10-09 20:25:50 [INFO ] JsonFileManager:34 - 📄 Loading JSON from [src/main/resources/urls.json]
2026-10-09 20:25:50 [DEBUG] JsonFileManager:45 - ✅ Loaded 5 top-level keys from [src/main/resources/urls.json]
2026-10-09 20:25:50 [INFO ] JsonFileManager:34 - 📄 Loading JSON from [src/main/resources/users.json]
2026-10-09 20:25:50 [DEBUG] JsonFileManager:45 - ✅ Loaded 3 top-level keys from [src/main/resources/users.json]
2026-10-09 20:25:50 [INFO ] OpenCSVFileManager:22 - 📂 Reading CSV file: src/main/resources/invalidEmployees.csv
2026-10-09 20:25:50 [INFO ] OpenCSVFileManager:32 - ✅ CSV loaded: 7 columns, 7 rows from [src/main/resources/invalidEmployees.csv]
2026-10-09 20:25:50 [INFO ] OpenCSVFileManager:22 - 📂 Reading CSV file: src/main/resources/employees.csv
2026-10-09 20:25:50 [INFO ] OpenCSVFileManager:32 - ✅ CSV loaded: 24 columns, 10 rows from [src/main/resources/employees.csv]
2026-10-09 20:25:50 [INFO ] BaseTest:33 - 🚀 Starting Chrome driver
2026-10-09 20:25:50 [INFO ] GetChromeDriver:17 - 🌐 Creating new Chrome driver with --incognito
2026-10-09 20:25:51 [DEBUG] GetChromeDriver:22 - ✅ Chrome driver created
2026-10-09 20:25:51 [DEBUG] BaseTest:35 - 🔍 Driver created: ChromeDriver: chrome on windows (ce13c2090735e041fd67441ed211dbfa)
2026-10-09 20:25:53 [DEBUG] JsonFileManager:60 - 🔑 Value of key 'admin': {username=Admin, password=admin123}
2026-10-09 20:25:53 [DEBUG] BasePage:29 - 🔎 Waiting for element: By.name: username
2026-10-09 20:25:53 [DEBUG] BasePage:29 - 🔎 Waiting for element: By.name: password
2026-10-09 20:25:54 [DEBUG] BasePage:29 - 🔎 Waiting for element: By.xpath: //button[@type='submit']
2026-10-09 20:25:55 [DEBUG] JsonFileManager:60 - 🔑 Value of key 'dashboard': https://opensource-demo.orangehrmlive.com/web/index.php/dashboard/index
2026-10-09 20:25:55 [DEBUG] BasePage:29 - 🔎 Waiting for element: By.className: oxd-topbar-header-breadcrumb
2026-10-09 20:25:55 [DEBUG] BasePage:29 - 🔎 Waiting for element: By.cssSelector: a.oxd-main-menu-item[href='/web/index.php/admin/viewAdminModule']
2026-10-09 20:25:56 [INFO ] DashboardPage:55 - 📂 Clicked Admin menu
2026-10-09 20:25:56 [DEBUG] BasePage:29 - 🔎 Waiting for element: By.xpath: //div[contains(@class,'orangehrm-header-container')]//button[contains(@class,'oxd-button--secondary')]
2026-10-09 20:25:57 [INFO ] DashboardPage:59 - ➕ Clicked header button
2026-10-09 20:25:57 [DEBUG] BasePage:29 - 🔎 Waiting for element: By.xpath: //h6[normalize-space(.)='Add User']
2026-10-09 20:25:58 [DEBUG] BasePage:29 - 🔎 Waiting for element: By.xpath: //input[@placeholder='Type for hints...']
2026-10-09 20:26:00 [DEBUG] BasePage:29 - 🔎 Waiting for element: By.xpath: //div[contains(@class,'oxd-autocomplete-dropdown')]//div[@role='option']
2026-10-09 20:26:00 [INFO ] AddUserPage:135 - 👤 Selected employee James Robert Smith
2026-10-09 20:26:00 [DEBUG] BasePage:29 - 🔎 Waiting for element: By.xpath: //div[contains(@class,'oxd-input-group')][.//label[starts-with(normalize-space(.),'User Role')]]//div[contains(@class,'oxd-select-text')]
2026-10-09 20:26:00 [DEBUG] BasePage:44 - 🔎 Waiting for elements: By.xpath: //div[@role='listbox']//div[@role='option']
2026-10-09 20:26:00 [DEBUG] BasePage:52 - 📦 Found 3 elements for By.xpath: //div[@role='listbox']//div[@role='option']
2026-10-09 20:26:00 [INFO ] AddUserPage:153 - 🔽 Selected 'Admin'
2026-10-09 20:26:00 [DEBUG] BasePage:29 - 🔎 Waiting for element: By.xpath: //div[contains(@class,'oxd-input-group')][.//label[starts-with(normalize-space(.),'Status')]]//div[contains(@class,'oxd-select-text')]
2026-10-09 20:26:01 [DEBUG] BasePage:44 - 🔎 Waiting for elements: By.xpath: //div[@role='listbox']//div[@role='option']
2026-10-09 20:26:01 [DEBUG] BasePage:52 - 📦 Found 3 elements for By.xpath: //div[@role='listbox']//div[@role='option']
2026-10-09 20:26:01 [INFO ] AddUserPage:153 - 🔽 Selected 'Enabled'
2026-10-09 20:26:01 [DEBUG] BasePage:29 - 🔎 Waiting for element: By.xpath: //div[contains(@class,'oxd-input-group')][.//label[starts-with(normalize-space(.),'Username')]]//input
2026-10-09 20:26:01 [INFO ] BasePage:78 - ⌨️ Cleared and entered text into By.xpath: //div[contains(@class,'oxd-input-group')][.//label[starts-with(normalize-space(.),'Username')]]//input
2026-10-09 20:26:01 [DEBUG] BasePage:29 - 🔎 Waiting for element: By.xpath: //div[contains(@class,'oxd-input-group')][.//label[starts-with(normalize-space(.),'Password')]]//input
2026-10-09 20:26:01 [INFO ] BasePage:78 - ⌨️ Cleared and entered text into By.xpath: //div[contains(@class,'oxd-input-group')][.//label[starts-with(normalize-space(.),'Password')]]//input
2026-10-09 20:26:01 [DEBUG] BasePage:29 - 🔎 Waiting for element: By.xpath: //div[contains(@class,'oxd-input-group')][.//label[starts-with(normalize-space(.),'Confirm Password')]]//input
2026-10-09 20:26:01 [INFO ] BasePage:78 - ⌨️ Cleared and entered text into By.xpath: //div[contains(@class,'oxd-input-group')][.//label[starts-with(normalize-space(.),'Confirm Password')]]//input
2026-10-09 20:26:01 [DEBUG] BasePage:29 - 🔎 Waiting for element: By.xpath: //button[@type='submit' and normalize-space(.)='Save']
2026-10-09 20:26:01 [INFO ] AddUserPage:140 - 💾 Clicked Save
2026-10-09 20:26:07 [DEBUG] JsonFileManager:60 - 🔑 Value of key 'admin': https://opensource-demo.orangehrmlive.com/web/index.php/admin/viewSystemUsers
2026-10-09 20:26:07 [INFO ] BaseTest:46 - 🛑 Quitting Chrome driver
2026-10-09 20:26:07 [INFO ] GetChromeDriver:35 - 🛑 Quitting Chrome driver
2026-10-09 20:26:07 [DEBUG] GetChromeDriver:38 - 🧹 Chrome driver quit successfully
2026-10-09 20:26:07 [DEBUG] BaseTest:49 - 🧹 Driver quit and references cleared
2026-10-09 20:26:07 [INFO ] DataProviderTest:18 - 📋 Supplying validCredentials data
2026-10-09 20:26:07 [DEBUG] JsonFileManager:60 - 🔑 Value of key 'valid': [{username=jsmith1, password=a234567}, {username=mjohnson2, password=a234567}, {username=edavis3, password=a234567}, {username=obrown4, password=a234567}, {username=ewilson5, password=a234567}, {username=smiller6, password=a234567}, {username=dgarcia7, password=a234567}, {username=amartinez8, password=a234567}, {username=manderson9, password=a234567}, {username=mthompson10, password=a234567}]
2026-10-09 20:26:07 [INFO ] JsonFileManager:34 - 📄 Loading JSON from [src/main/resources/urls.json]
2026-10-09 20:26:07 [DEBUG] JsonFileManager:45 - ✅ Loaded 5 top-level keys from [src/main/resources/urls.json]
2026-10-09 20:26:07 [INFO ] JsonFileManager:34 - 📄 Loading JSON from [src/main/resources/users.json]
2026-10-09 20:26:07 [DEBUG] JsonFileManager:45 - ✅ Loaded 3 top-level keys from [src/main/resources/users.json]
2026-10-09 20:26:07 [INFO ] OpenCSVFileManager:22 - 📂 Reading CSV file: src/main/resources/invalidEmployees.csv
2026-10-09 20:26:07 [INFO ] OpenCSVFileManager:32 - ✅ CSV loaded: 7 columns, 7 rows from [src/main/resources/invalidEmployees.csv]
2026-10-09 20:26:07 [INFO ] OpenCSVFileManager:22 - 📂 Reading CSV file: src/main/resources/employees.csv
2026-10-09 20:26:07 [INFO ] OpenCSVFileManager:32 - ✅ CSV loaded: 24 columns, 10 rows from [src/main/resources/employees.csv]
2026-10-09 20:26:07 [INFO ] BaseTest:33 - 🚀 Starting Chrome driver
2026-10-09 20:26:07 [INFO ] GetChromeDriver:17 - 🌐 Creating new Chrome driver with --incognito
2026-10-09 20:26:08 [DEBUG] GetChromeDriver:22 - ✅ Chrome driver created
2026-10-09 20:26:08 [DEBUG] BaseTest:35 - 🔍 Driver created: ChromeDriver: chrome on windows (984b99572bdaa47ae1b59ba6c12baf9d)
2026-10-09 20:26:10 [DEBUG] BasePage:29 - 🔎 Waiting for element: By.name: username
2026-10-09 20:26:11 [DEBUG] BasePage:29 - 🔎 Waiting for element: By.name: password
2026-10-09 20:26:11 [DEBUG] BasePage:29 - 🔎 Waiting for element: By.xpath: //button[@type='submit']
2026-10-09 20:26:12 [DEBUG] JsonFileManager:60 - 🔑 Value of key 'dashboard': https://opensource-demo.orangehrmlive.com/web/index.php/dashboard/index
2026-10-09 20:26:12 [DEBUG] BasePage:29 - 🔎 Waiting for element: By.className: oxd-topbar-header-breadcrumb
2026-10-09 20:26:13 [INFO ] BaseTest:46 - 🛑 Quitting Chrome driver
2026-10-09 20:26:13 [INFO ] GetChromeDriver:35 - 🛑 Quitting Chrome driver
2026-10-09 20:26:13 [DEBUG] GetChromeDriver:38 - 🧹 Chrome driver quit successfully
2026-10-09 20:26:13 [DEBUG] BaseTest:49 - 🧹 Driver quit and references cleared
2026-10-09 20:26:13 [INFO ] DataProviderTest:38 - 📋 Supplying valid Employees data
2026-10-09 20:26:13 [INFO ] JsonFileManager:34 - 📄 Loading JSON from [src/main/resources/urls.json]
2026-10-09 20:26:13 [DEBUG] JsonFileManager:45 - ✅ Loaded 5 top-level keys from [src/main/resources/urls.json]
2026-10-09 20:26:13 [INFO ] JsonFileManager:34 - 📄 Loading JSON from [src/main/resources/users.json]
2026-10-09 20:26:13 [DEBUG] JsonFileManager:45 - ✅ Loaded 3 top-level keys from [src/main/resources/users.json]
2026-10-09 20:26:13 [INFO ] OpenCSVFileManager:22 - 📂 Reading CSV file: src/main/resources/invalidEmployees.csv
2026-10-09 20:26:13 [INFO ] OpenCSVFileManager:32 - ✅ CSV loaded: 7 columns, 7 rows from [src/main/resources/invalidEmployees.csv]
2026-10-09 20:26:13 [INFO ] OpenCSVFileManager:22 - 📂 Reading CSV file: src/main/resources/employees.csv
2026-10-09 20:26:13 [INFO ] OpenCSVFileManager:32 - ✅ CSV loaded: 24 columns, 10 rows from [src/main/resources/employees.csv]
2026-10-09 20:26:13 [INFO ] BaseTest:33 - 🚀 Starting Chrome driver
2026-10-09 20:26:13 [INFO ] GetChromeDriver:17 - 🌐 Creating new Chrome driver with --incognito
2026-10-09 20:26:14 [DEBUG] GetChromeDriver:22 - ✅ Chrome driver created
2026-10-09 20:26:14 [DEBUG] BaseTest:35 - 🔍 Driver created: ChromeDriver: chrome on windows (b9592fcb67fb7761ec17f0f61fe4021a)
2026-10-09 20:26:17 [DEBUG] BasePage:29 - 🔎 Waiting for element: By.name: username
2026-10-09 20:26:17 [DEBUG] BasePage:29 - 🔎 Waiting for element: By.name: password
2026-10-09 20:26:18 [DEBUG] BasePage:29 - 🔎 Waiting for element: By.xpath: //button[@type='submit']
2026-10-09 20:26:19 [DEBUG] JsonFileManager:60 - 🔑 Value of key 'dashboard': https://opensource-demo.orangehrmlive.com/web/index.php/dashboard/index
2026-10-09 20:26:19 [DEBUG] BasePage:29 - 🔎 Waiting for element: By.className: oxd-topbar-header-breadcrumb
2026-10-09 20:26:19 [DEBUG] BasePage:29 - 🔎 Waiting for element: By.xpath: //a[contains(@class,'oxd-main-menu-item') and @href='/web/index.php/pim/viewMyDetails']
2026-10-09 20:26:20 [INFO ] EmployeeInfoPage:211 - 👤 Clicked My Info menu
2026-10-09 20:26:23 [DEBUG] BasePage:29 - 🔎 Waiting for element: By.xpath: //div[contains(@class,'oxd-input-group')][.//label[starts-with(normalize-space(.),'Nationality')]]//div[contains(@class,'oxd-select-text')]
2026-10-09 20:26:23 [DEBUG] BasePage:44 - 🔎 Waiting for elements: By.xpath: //div[@role='listbox']//div[@role='option']
2026-10-09 20:26:23 [DEBUG] BasePage:52 - 📦 Found 194 elements for By.xpath: //div[@role='listbox']//div[@role='option']
2026-10-09 20:26:24 [INFO ] EmployeeInfoPage:345 - 🔽 Selected 'Egyptian'
2026-10-09 20:26:24 [DEBUG] BasePage:29 - 🔎 Waiting for element: By.xpath: //div[contains(@class,'oxd-input-group')][.//label[starts-with(normalize-space(.),'Marital Status')]]//div[contains(@class,'oxd-select-text')]
2026-10-09 20:26:24 [DEBUG] BasePage:44 - 🔎 Waiting for elements: By.xpath: //div[@role='listbox']//div[@role='option']
2026-10-09 20:26:24 [DEBUG] BasePage:52 - 📦 Found 4 elements for By.xpath: //div[@role='listbox']//div[@role='option']
2026-10-09 20:26:24 [INFO ] EmployeeInfoPage:345 - 🔽 Selected 'Single'
2026-10-09 20:26:24 [DEBUG] BasePage:29 - 🔎 Waiting for element: By.xpath: //div[contains(@class,'orangehrm-card-container')][.//h6[normalize-space(.)='Personal Details']]//button[@type='submit' and contains(@class,'oxd-button--secondary') and contains(@class,'orangehrm-left-space')]
2026-10-09 20:26:24 [INFO ] EmployeeInfoPage:229 - 💾 Clicked Personal Details Save
2026-10-09 20:26:24 [DEBUG] BasePage:29 - 🔎 Waiting for element: By.xpath: //div[contains(@class,'oxd-toast')]//p[contains(@class,'oxd-text--toast-message')]
2026-10-09 20:26:25 [DEBUG] BasePage:29 - 🔎 Waiting for element: By.xpath: //div[contains(@class,'oxd-input-group')][.//label[starts-with(normalize-space(.),'Nationality')]]//div[contains(@class,'oxd-select-text-input')]
2026-10-09 20:26:25 [DEBUG] BasePage:29 - 🔎 Waiting for element: By.xpath: //div[contains(@class,'oxd-input-group')][.//label[starts-with(normalize-space(.),'Marital Status')]]//div[contains(@class,'oxd-select-text-input')]
2026-10-09 20:26:28 [DEBUG] BasePage:29 - 🔎 Waiting for element: By.xpath: //a[contains(@class,'orangehrm-tabs-item') and contains(@href,'/pim/viewEmergencyContacts/') and normalize-space(.)='Emergency Contacts']
2026-10-09 20:26:29 [INFO ] EmployeeInfoPage:234 - 📑 Clicked Emergency Contacts tab
2026-10-09 20:26:29 [DEBUG] BasePage:29 - 🔎 Waiting for element: By.xpath: //div[contains(@class,'orangehrm-action-header')][.//h6[normalize-space(.)='Assigned Emergency Contacts']]//button[contains(@class,'oxd-button--text')]
2026-10-09 20:26:29 [INFO ] EmployeeInfoPage:239 - ➕ Clicked Add in Assigned Emergency Contacts
2026-10-09 20:26:29 [DEBUG] BasePage:29 - 🔎 Waiting for element: By.xpath: //h6[normalize-space(.)='Save Emergency Contact']/ancestor::div[.//input][1]//div[contains(@class,'oxd-input-group')][.//label[normalize-space(.)='Name']]//input
2026-10-09 20:26:30 [INFO ] BasePage:78 - ⌨️ Cleared and entered text into By.xpath: //h6[normalize-space(.)='Save Emergency Contact']/ancestor::div[.//input][1]//div[contains(@class,'oxd-input-group')][.//label[normalize-space(.)='Name']]//input
2026-10-09 20:26:30 [DEBUG] BasePage:29 - 🔎 Waiting for element: By.xpath: //h6[normalize-space(.)='Save Emergency Contact']/ancestor::div[.//input][1]//div[contains(@class,'oxd-input-group')][.//label[normalize-space(.)='Relationship']]//input
2026-10-09 20:26:30 [INFO ] BasePage:78 - ⌨️ Cleared and entered text into By.xpath: //h6[normalize-space(.)='Save Emergency Contact']/ancestor::div[.//input][1]//div[contains(@class,'oxd-input-group')][.//label[normalize-space(.)='Relationship']]//input
2026-10-09 20:26:30 [DEBUG] BasePage:29 - 🔎 Waiting for element: By.xpath: //h6[normalize-space(.)='Save Emergency Contact']/ancestor::div[.//input][1]//div[contains(@class,'oxd-input-group')][.//label[normalize-space(.)='Home Telephone']]//input
2026-10-09 20:26:30 [INFO ] BasePage:78 - ⌨️ Cleared and entered text into By.xpath: //h6[normalize-space(.)='Save Emergency Contact']/ancestor::div[.//input][1]//div[contains(@class,'oxd-input-group')][.//label[normalize-space(.)='Home Telephone']]//input
2026-10-09 20:26:30 [DEBUG] BasePage:29 - 🔎 Waiting for element: By.xpath: //h6[normalize-space(.)='Save Emergency Contact']/ancestor::div[.//input][1]//div[contains(@class,'oxd-input-group')][.//label[normalize-space(.)='Mobile']]//input
2026-10-09 20:26:30 [INFO ] BasePage:78 - ⌨️ Cleared and entered text into By.xpath: //h6[normalize-space(.)='Save Emergency Contact']/ancestor::div[.//input][1]//div[contains(@class,'oxd-input-group')][.//label[normalize-space(.)='Mobile']]//input
2026-10-09 20:26:30 [DEBUG] BasePage:29 - 🔎 Waiting for element: By.xpath: //h6[normalize-space(.)='Save Emergency Contact']/ancestor::div[.//input][1]//div[contains(@class,'oxd-input-group')][.//label[normalize-space(.)='Work Telephone']]//input
2026-10-09 20:26:31 [INFO ] BasePage:78 - ⌨️ Cleared and entered text into By.xpath: //h6[normalize-space(.)='Save Emergency Contact']/ancestor::div[.//input][1]//div[contains(@class,'oxd-input-group')][.//label[normalize-space(.)='Work Telephone']]//input
2026-10-09 20:26:31 [DEBUG] BasePage:29 - 🔎 Waiting for element: By.xpath: //h6[normalize-space(.)='Save Emergency Contact']/ancestor::div[.//input][1]//button[@type='submit']
2026-10-09 20:26:31 [INFO ] EmployeeInfoPage:264 - 💾 Clicked Save Emergency Contact
2026-10-09 20:26:31 [DEBUG] BasePage:29 - 🔎 Waiting for element: By.xpath: //div[contains(@class,'oxd-toast')]//p[contains(@class,'oxd-text--toast-message')]
2026-10-09 20:26:34 [DEBUG] BasePage:29 - 🔎 Waiting for element: By.xpath: //a[contains(@class,'orangehrm-tabs-item') and normalize-space(.)='Contact Details']
2026-10-09 20:26:35 [INFO ] EmployeeInfoPage:269 - 📑 Clicked Contact Details tab
2026-10-09 20:26:35 [DEBUG] BasePage:29 - 🔎 Waiting for element: By.xpath: //form[.//label[normalize-space(.)='Street 1']]//div[contains(concat(' ',normalize-space(@class),' '),' oxd-input-group ')][.//label[normalize-space(.)='Street 1']]//input
2026-10-09 20:26:36 [INFO ] BasePage:78 - ⌨️ Cleared and entered text into By.xpath: //form[.//label[normalize-space(.)='Street 1']]//div[contains(concat(' ',normalize-space(@class),' '),' oxd-input-group ')][.//label[normalize-space(.)='Street 1']]//input
2026-10-09 20:26:36 [DEBUG] BasePage:29 - 🔎 Waiting for element: By.xpath: //form[.//label[normalize-space(.)='Street 1']]//div[contains(concat(' ',normalize-space(@class),' '),' oxd-input-group ')][.//label[normalize-space(.)='Street 2']]//input
2026-10-09 20:26:36 [INFO ] BasePage:78 - ⌨️ Cleared and entered text into By.xpath: //form[.//label[normalize-space(.)='Street 1']]//div[contains(concat(' ',normalize-space(@class),' '),' oxd-input-group ')][.//label[normalize-space(.)='Street 2']]//input
2026-10-09 20:26:36 [DEBUG] BasePage:29 - 🔎 Waiting for element: By.xpath: //form[.//label[normalize-space(.)='Street 1']]//div[contains(concat(' ',normalize-space(@class),' '),' oxd-input-group ')][.//label[normalize-space(.)='City']]//input
2026-10-09 20:26:36 [INFO ] BasePage:78 - ⌨️ Cleared and entered text into By.xpath: //form[.//label[normalize-space(.)='Street 1']]//div[contains(concat(' ',normalize-space(@class),' '),' oxd-input-group ')][.//label[normalize-space(.)='City']]//input
2026-10-09 20:26:36 [DEBUG] BasePage:29 - 🔎 Waiting for element: By.xpath: //form[.//label[normalize-space(.)='Street 1']]//div[contains(concat(' ',normalize-space(@class),' '),' oxd-input-group ')][.//label[normalize-space(.)='State/Province']]//input
2026-10-09 20:26:37 [INFO ] BasePage:78 - ⌨️ Cleared and entered text into By.xpath: //form[.//label[normalize-space(.)='Street 1']]//div[contains(concat(' ',normalize-space(@class),' '),' oxd-input-group ')][.//label[normalize-space(.)='State/Province']]//input
2026-10-09 20:26:37 [DEBUG] BasePage:29 - 🔎 Waiting for element: By.xpath: //form[.//label[normalize-space(.)='Street 1']]//div[contains(concat(' ',normalize-space(@class),' '),' oxd-input-group ')][.//label[normalize-space(.)='Zip/Postal Code']]//input
2026-10-09 20:26:37 [INFO ] BasePage:78 - ⌨️ Cleared and entered text into By.xpath: //form[.//label[normalize-space(.)='Street 1']]//div[contains(concat(' ',normalize-space(@class),' '),' oxd-input-group ')][.//label[normalize-space(.)='Zip/Postal Code']]//input
2026-10-09 20:26:37 [DEBUG] BasePage:29 - 🔎 Waiting for element: By.xpath: //form[.//label[normalize-space(.)='Street 1']]//div[contains(concat(' ',normalize-space(@class),' '),' oxd-input-group ')][.//label[normalize-space(.)='Country']]//div[contains(@class,'oxd-select-text')]
2026-10-09 20:26:37 [DEBUG] BasePage:44 - 🔎 Waiting for elements: By.xpath: //div[@role='listbox']//div[@role='option']
2026-10-09 20:26:37 [DEBUG] BasePage:52 - 📦 Found 240 elements for By.xpath: //div[@role='listbox']//div[@role='option']
2026-10-09 20:26:40 [INFO ] EmployeeInfoPage:345 - 🔽 Selected 'United States'
2026-10-09 20:26:40 [DEBUG] BasePage:29 - 🔎 Waiting for element: By.xpath: //form[.//label[normalize-space(.)='Street 1']]//div[contains(concat(' ',normalize-space(@class),' '),' oxd-input-group ')][.//label[normalize-space(.)='Home']]//input
2026-10-09 20:26:41 [INFO ] BasePage:78 - ⌨️ Cleared and entered text into By.xpath: //form[.//label[normalize-space(.)='Street 1']]//div[contains(concat(' ',normalize-space(@class),' '),' oxd-input-group ')][.//label[normalize-space(.)='Home']]//input
2026-10-09 20:26:41 [DEBUG] BasePage:29 - 🔎 Waiting for element: By.xpath: //form[.//label[normalize-space(.)='Street 1']]//div[contains(concat(' ',normalize-space(@class),' '),' oxd-input-group ')][.//label[normalize-space(.)='Mobile']]//input
2026-10-09 20:26:41 [INFO ] BasePage:78 - ⌨️ Cleared and entered text into By.xpath: //form[.//label[normalize-space(.)='Street 1']]//div[contains(concat(' ',normalize-space(@class),' '),' oxd-input-group ')][.//label[normalize-space(.)='Mobile']]//input
2026-10-09 20:26:41 [DEBUG] BasePage:29 - 🔎 Waiting for element: By.xpath: //form[.//label[normalize-space(.)='Street 1']]//div[contains(concat(' ',normalize-space(@class),' '),' oxd-input-group ')][.//label[normalize-space(.)='Work']]//input
2026-10-09 20:26:41 [INFO ] BasePage:78 - ⌨️ Cleared and entered text into By.xpath: //form[.//label[normalize-space(.)='Street 1']]//div[contains(concat(' ',normalize-space(@class),' '),' oxd-input-group ')][.//label[normalize-space(.)='Work']]//input
2026-10-09 20:26:41 [DEBUG] BasePage:29 - 🔎 Waiting for element: By.xpath: //form[.//label[normalize-space(.)='Street 1']]//div[contains(concat(' ',normalize-space(@class),' '),' oxd-input-group ')][.//label[normalize-space(.)='Work Email']]//input
2026-10-09 20:26:41 [INFO ] BasePage:78 - ⌨️ Cleared and entered text into By.xpath: //form[.//label[normalize-space(.)='Street 1']]//div[contains(concat(' ',normalize-space(@class),' '),' oxd-input-group ')][.//label[normalize-space(.)='Work Email']]//input
2026-10-09 20:26:41 [DEBUG] BasePage:29 - 🔎 Waiting for element: By.xpath: //form[.//label[normalize-space(.)='Street 1']]//div[contains(concat(' ',normalize-space(@class),' '),' oxd-input-group ')][.//label[normalize-space(.)='Other Email']]//input
2026-10-09 20:26:42 [INFO ] BasePage:78 - ⌨️ Cleared and entered text into By.xpath: //form[.//label[normalize-space(.)='Street 1']]//div[contains(concat(' ',normalize-space(@class),' '),' oxd-input-group ')][.//label[normalize-space(.)='Other Email']]//input
2026-10-09 20:26:42 [INFO ] EmployeeInfoPage:330 - 🏠 Entered contact details
2026-10-09 20:26:42 [DEBUG] BasePage:29 - 🔎 Waiting for element: By.xpath: //form[.//label[normalize-space(.)='Street 1']]//button[@type='submit']
2026-10-09 20:26:42 [INFO ] EmployeeInfoPage:335 - 💾 Clicked Contact Details Save
2026-10-09 20:26:42 [DEBUG] BasePage:29 - 🔎 Waiting for element: By.xpath: //div[contains(@class,'oxd-toast')]//p[contains(@class,'oxd-text--toast-message')]
2026-10-09 20:26:43 [DEBUG] BasePage:29 - 🔎 Waiting for element: By.xpath: //form[.//label[normalize-space(.)='Street 1']]//div[contains(concat(' ',normalize-space(@class),' '),' oxd-input-group ')][.//label[normalize-space(.)='Street 1']]//input
2026-10-09 20:26:43 [DEBUG] BasePage:29 - 🔎 Waiting for element: By.xpath: //form[.//label[normalize-space(.)='Street 1']]//div[contains(concat(' ',normalize-space(@class),' '),' oxd-input-group ')][.//label[normalize-space(.)='Street 2']]//input
2026-10-09 20:26:43 [DEBUG] BasePage:29 - 🔎 Waiting for element: By.xpath: //form[.//label[normalize-space(.)='Street 1']]//div[contains(concat(' ',normalize-space(@class),' '),' oxd-input-group ')][.//label[normalize-space(.)='City']]//input
2026-10-09 20:26:43 [DEBUG] BasePage:29 - 🔎 Waiting for element: By.xpath: //form[.//label[normalize-space(.)='Street 1']]//div[contains(concat(' ',normalize-space(@class),' '),' oxd-input-group ')][.//label[normalize-space(.)='State/Province']]//input
2026-10-09 20:26:43 [DEBUG] BasePage:29 - 🔎 Waiting for element: By.xpath: //form[.//label[normalize-space(.)='Street 1']]//div[contains(concat(' ',normalize-space(@class),' '),' oxd-input-group ')][.//label[normalize-space(.)='Zip/Postal Code']]//input
2026-10-09 20:26:43 [DEBUG] BasePage:29 - 🔎 Waiting for element: By.xpath: //form[.//label[normalize-space(.)='Street 1']]//div[contains(concat(' ',normalize-space(@class),' '),' oxd-input-group ')][.//label[normalize-space(.)='Country']]//div[contains(@class,'oxd-select-text')]
2026-10-09 20:26:43 [DEBUG] BasePage:29 - 🔎 Waiting for element: By.xpath: //form[.//label[normalize-space(.)='Street 1']]//div[contains(concat(' ',normalize-space(@class),' '),' oxd-input-group ')][.//label[normalize-space(.)='Home']]//input
2026-10-09 20:26:43 [DEBUG] BasePage:29 - 🔎 Waiting for element: By.xpath: //form[.//label[normalize-space(.)='Street 1']]//div[contains(concat(' ',normalize-space(@class),' '),' oxd-input-group ')][.//label[normalize-space(.)='Mobile']]//input
2026-10-09 20:26:43 [DEBUG] BasePage:29 - 🔎 Waiting for element: By.xpath: //form[.//label[normalize-space(.)='Street 1']]//div[contains(concat(' ',normalize-space(@class),' '),' oxd-input-group ')][.//label[normalize-space(.)='Work']]//input
2026-10-09 20:26:43 [DEBUG] BasePage:29 - 🔎 Waiting for element: By.xpath: //form[.//label[normalize-space(.)='Street 1']]//div[contains(concat(' ',normalize-space(@class),' '),' oxd-input-group ')][.//label[normalize-space(.)='Work Email']]//input
2026-10-09 20:26:43 [DEBUG] BasePage:29 - 🔎 Waiting for element: By.xpath: //form[.//label[normalize-space(.)='Street 1']]//div[contains(concat(' ',normalize-space(@class),' '),' oxd-input-group ')][.//label[normalize-space(.)='Other Email']]//input
2026-10-09 20:26:46 [DEBUG] BasePage:29 - 🔎 Waiting for element: By.xpath: //span[contains(@class,'oxd-userdropdown-tab')]
2026-10-09 20:26:46 [DEBUG] BasePage:29 - 🔎 Waiting for element: By.xpath: //a[normalize-space()='Logout']
2026-10-09 20:26:47 [DEBUG] JsonFileManager:60 - 🔑 Value of key 'url': https://opensource-demo.orangehrmlive.com/web/index.php/auth/login
2026-10-09 20:26:47 [DEBUG] JsonFileManager:60 - 🔑 Value of key 'admin': {username=Admin, password=admin123}
2026-10-09 20:26:47 [DEBUG] BasePage:29 - 🔎 Waiting for element: By.name: username
2026-10-09 20:26:48 [DEBUG] BasePage:29 - 🔎 Waiting for element: By.name: password
2026-10-09 20:26:48 [DEBUG] BasePage:29 - 🔎 Waiting for element: By.xpath: //button[@type='submit']
2026-10-09 20:26:49 [DEBUG] JsonFileManager:60 - 🔑 Value of key 'dashboard': https://opensource-demo.orangehrmlive.com/web/index.php/dashboard/index
2026-10-09 20:26:49 [DEBUG] BasePage:29 - 🔎 Waiting for element: By.className: oxd-topbar-header-breadcrumb
2026-10-09 20:26:49 [DEBUG] BasePage:29 - 🔎 Waiting for element: By.linkText: PIM
2026-10-09 20:26:50 [DEBUG] BasePage:29 - 🔎 Waiting for element: By.xpath: //label[normalize-space()='Employee Id']/parent::div/following-sibling::div//input
2026-10-09 20:26:51 [INFO ] BasePage:78 - ⌨️ Cleared and entered text into By.xpath: //label[normalize-space()='Employee Id']/parent::div/following-sibling::div//input
2026-10-09 20:26:51 [DEBUG] BasePage:29 - 🔎 Waiting for element: By.xpath: //button[normalize-space()='Search']
2026-10-09 20:26:52 [INFO ] BaseTest:46 - 🛑 Quitting Chrome driver
2026-10-09 20:26:52 [INFO ] GetChromeDriver:35 - 🛑 Quitting Chrome driver
2026-10-09 20:26:52 [DEBUG] GetChromeDriver:38 - 🧹 Chrome driver quit successfully
2026-10-09 20:26:52 [DEBUG] BaseTest:49 - 🧹 Driver quit and references cleared
2026-10-09 20:26:52 [INFO ] DataProviderTest:28 - 📋 Supplying invalidCredentials data
2026-10-09 20:26:52 [DEBUG] JsonFileManager:60 - 🔑 Value of key 'invalid': [{username=jsmith1, password=wrongpass}, {username=mjohnson2, password=wrongpass}, {username=edavis3, password=wrongpass}, {username=obrown4, password=wrongpass}, {username=ewilson5, password=wrongpass}, {username=smiller6, password=wrongpass}, {username=dgarcia7, password=wrongpass}, {username=amartinez8, password=wrongpass}, {username=manderson9, password=wrongpass}, {username=mthompson10, password=wrongpass}, {username=nouser99, password=a234567}, {username=, password=a234567}]
2026-10-09 20:26:52 [INFO ] JsonFileManager:34 - 📄 Loading JSON from [src/main/resources/urls.json]
2026-10-09 20:26:52 [DEBUG] JsonFileManager:45 - ✅ Loaded 5 top-level keys from [src/main/resources/urls.json]
2026-10-09 20:26:52 [INFO ] JsonFileManager:34 - 📄 Loading JSON from [src/main/resources/users.json]
2026-10-09 20:26:52 [DEBUG] JsonFileManager:45 - ✅ Loaded 3 top-level keys from [src/main/resources/users.json]
2026-10-09 20:26:52 [INFO ] OpenCSVFileManager:22 - 📂 Reading CSV file: src/main/resources/invalidEmployees.csv
2026-10-09 20:26:52 [INFO ] OpenCSVFileManager:32 - ✅ CSV loaded: 7 columns, 7 rows from [src/main/resources/invalidEmployees.csv]
2026-10-09 20:26:52 [INFO ] OpenCSVFileManager:22 - 📂 Reading CSV file: src/main/resources/employees.csv
2026-10-09 20:26:52 [INFO ] OpenCSVFileManager:32 - ✅ CSV loaded: 24 columns, 10 rows from [src/main/resources/employees.csv]
2026-10-09 20:26:52 [INFO ] BaseTest:33 - 🚀 Starting Chrome driver
2026-10-09 20:26:52 [INFO ] GetChromeDriver:17 - 🌐 Creating new Chrome driver with --incognito
2026-10-09 20:26:54 [DEBUG] GetChromeDriver:22 - ✅ Chrome driver created
2026-10-09 20:26:54 [DEBUG] BaseTest:35 - 🔍 Driver created: ChromeDriver: chrome on windows (d8fd997b1295baf9fe789b3bed2963c2)
2026-10-09 20:26:56 [DEBUG] BasePage:29 - 🔎 Waiting for element: By.name: username
2026-10-09 20:26:57 [DEBUG] BasePage:29 - 🔎 Waiting for element: By.name: password
2026-10-09 20:26:57 [DEBUG] BasePage:29 - 🔎 Waiting for element: By.xpath: //button[@type='submit']
2026-10-09 20:26:57 [DEBUG] BasePage:29 - 🔎 Waiting for element: By.cssSelector: p.oxd-alert-content-text
2026-10-09 20:26:58 [DEBUG] BasePage:29 - 🔎 Waiting for element: By.cssSelector: p.oxd-alert-content-text
2026-10-09 20:26:58 [INFO ] BaseTest:46 - 🛑 Quitting Chrome driver
2026-10-09 20:26:58 [INFO ] GetChromeDriver:35 - 🛑 Quitting Chrome driver
2026-10-09 20:26:59 [DEBUG] GetChromeDriver:38 - 🧹 Chrome driver quit successfully
2026-10-09 20:26:59 [DEBUG] BaseTest:49 - 🧹 Driver quit and references cleared
2026-10-09 20:30:15 [INFO ] OpenCSVFileManager:22 - 📂 Reading CSV file: src/main/resources/invalidEmployees.csv
2026-10-09 20:30:15 [INFO ] OpenCSVFileManager:32 - ✅ CSV loaded: 7 columns, 7 rows from [src/main/resources/invalidEmployees.csv]
2026-10-09 20:30:15 [INFO ] OpenCSVFileManager:22 - 📂 Reading CSV file: src/main/resources/employees.csv
2026-10-09 20:30:15 [INFO ] OpenCSVFileManager:32 - ✅ CSV loaded: 24 columns, 10 rows from [src/main/resources/employees.csv]
2026-10-09 20:30:15 [INFO ] JsonFileManager:34 - 📄 Loading JSON from [src/main/resources/users.json]
2026-10-09 20:30:16 [DEBUG] JsonFileManager:45 - ✅ Loaded 3 top-level keys from [src/main/resources/users.json]
2026-10-09 20:30:16 [INFO ] OpenCSVFileManager:22 - 📂 Reading CSV file: src/main/resources/usernames.csv
2026-10-09 20:30:16 [INFO ] OpenCSVFileManager:32 - ✅ CSV loaded: 6 columns, 10 rows from [src/main/resources/usernames.csv]
2026-10-09 20:30:16 [INFO ] OpenCSVFileManager:22 - 📂 Reading CSV file: src/main/resources/employees.csv
2026-10-09 20:30:16 [INFO ] OpenCSVFileManager:32 - ✅ CSV loaded: 24 columns, 10 rows from [src/main/resources/employees.csv]
2026-10-09 20:30:16 [INFO ] OpenCSVFileManager:22 - 📂 Reading CSV file: src/main/resources/invalidEmployees.csv
2026-10-09 20:30:16 [INFO ] OpenCSVFileManager:32 - ✅ CSV loaded: 7 columns, 7 rows from [src/main/resources/invalidEmployees.csv]
2026-10-09 20:30:16 [INFO ] DataProviderTest:38 - 📋 Supplying valid Employees data
2026-10-09 20:30:16 [INFO ] JsonFileManager:34 - 📄 Loading JSON from [src/main/resources/urls.json]
2026-10-09 20:30:16 [DEBUG] JsonFileManager:45 - ✅ Loaded 5 top-level keys from [src/main/resources/urls.json]
2026-10-09 20:30:16 [INFO ] JsonFileManager:34 - 📄 Loading JSON from [src/main/resources/users.json]
2026-10-09 20:30:16 [DEBUG] JsonFileManager:45 - ✅ Loaded 3 top-level keys from [src/main/resources/users.json]
2026-10-09 20:30:16 [INFO ] OpenCSVFileManager:22 - 📂 Reading CSV file: src/main/resources/invalidEmployees.csv
2026-10-09 20:30:16 [INFO ] OpenCSVFileManager:32 - ✅ CSV loaded: 7 columns, 7 rows from [src/main/resources/invalidEmployees.csv]
2026-10-09 20:30:16 [INFO ] OpenCSVFileManager:22 - 📂 Reading CSV file: src/main/resources/employees.csv
2026-10-09 20:30:16 [INFO ] OpenCSVFileManager:32 - ✅ CSV loaded: 24 columns, 10 rows from [src/main/resources/employees.csv]
2026-10-09 20:30:16 [INFO ] BaseTest:33 - 🚀 Starting Chrome driver
2026-10-09 20:30:16 [INFO ] GetChromeDriver:17 - 🌐 Creating new Chrome driver with --incognito
2026-10-09 20:30:18 [DEBUG] GetChromeDriver:22 - ✅ Chrome driver created
2026-10-09 20:30:18 [DEBUG] BaseTest:35 - 🔍 Driver created: ChromeDriver: chrome on windows (66b93b003337fb472f4f08941535c4d8)
2026-10-09 20:30:20 [DEBUG] JsonFileManager:60 - 🔑 Value of key 'admin': {username=Admin, password=admin123}
2026-10-09 20:30:20 [DEBUG] BasePage:29 - 🔎 Waiting for element: By.name: username
2026-10-09 20:30:20 [DEBUG] BasePage:29 - 🔎 Waiting for element: By.name: password
2026-10-09 20:30:20 [DEBUG] BasePage:29 - 🔎 Waiting for element: By.xpath: //button[@type='submit']
2026-10-09 20:30:21 [DEBUG] JsonFileManager:60 - 🔑 Value of key 'dashboard': https://opensource-demo.orangehrmlive.com/web/index.php/dashboard/index
2026-10-09 20:30:21 [DEBUG] BasePage:29 - 🔎 Waiting for element: By.className: oxd-topbar-header-breadcrumb
2026-10-09 20:30:22 [DEBUG] BasePage:29 - 🔎 Waiting for element: By.linkText: PIM
2026-10-09 20:30:23 [DEBUG] JsonFileManager:60 - 🔑 Value of key 'PIM': https://opensource-demo.orangehrmlive.com/web/index.php/pim/viewEmployeeList
2026-10-09 20:30:23 [DEBUG] BasePage:29 - 🔎 Waiting for element: By.className: oxd-topbar-header-breadcrumb
2026-10-09 20:30:23 [DEBUG] BasePage:29 - 🔎 Waiting for element: By.linkText: Add Employee
2026-10-09 20:30:24 [DEBUG] JsonFileManager:60 - 🔑 Value of key 'addEmployee': https://opensource-demo.orangehrmlive.com/web/index.php/pim/addEmployee
2026-10-09 20:30:24 [DEBUG] BasePage:29 - 🔎 Waiting for element: By.name: firstName
2026-10-09 20:30:25 [INFO ] BasePage:78 - ⌨️ Cleared and entered text into By.name: firstName
2026-10-09 20:30:25 [DEBUG] BasePage:29 - 🔎 Waiting for element: By.name: middleName
2026-10-09 20:30:25 [INFO ] BasePage:78 - ⌨️ Cleared and entered text into By.name: middleName
2026-10-09 20:30:25 [DEBUG] BasePage:29 - 🔎 Waiting for element: By.name: lastName
2026-10-09 20:30:25 [INFO ] BasePage:78 - ⌨️ Cleared and entered text into By.name: lastName
2026-10-09 20:30:25 [DEBUG] BasePage:29 - 🔎 Waiting for element: By.xpath: //label[normalize-space()='Employee Id']/parent::div/following-sibling::div//input
2026-10-09 20:30:25 [INFO ] BasePage:78 - ⌨️ Cleared and entered text into By.xpath: //label[normalize-space()='Employee Id']/parent::div/following-sibling::div//input
2026-10-09 20:30:25 [DEBUG] BasePage:29 - 🔎 Waiting for element: By.xpath: //div[contains(@class,'user-form-header')]//span[contains(@class,'oxd-switch-input')]
2026-10-09 20:30:26 [DEBUG] BasePage:29 - 🔎 Waiting for element: By.xpath: //label[normalize-space()='Username']/parent::div/following-sibling::div//input
2026-10-09 20:30:26 [INFO ] BasePage:78 - ⌨️ Cleared and entered text into By.xpath: //label[normalize-space()='Username']/parent::div/following-sibling::div//input
2026-10-09 20:30:26 [DEBUG] BasePage:29 - 🔎 Waiting for element: By.xpath: //label[normalize-space()='Enabled']
2026-10-09 20:30:26 [DEBUG] BasePage:29 - 🔎 Waiting for element: By.xpath: //label[normalize-space()='Password']/parent::div/following-sibling::div//input
2026-10-09 20:30:26 [INFO ] BasePage:78 - ⌨️ Cleared and entered text into By.xpath: //label[normalize-space()='Password']/parent::div/following-sibling::div//input
2026-10-09 20:30:26 [DEBUG] BasePage:29 - 🔎 Waiting for element: By.xpath: //label[normalize-space()='Confirm Password']/parent::div/following-sibling::div//input
2026-10-09 20:30:26 [INFO ] BasePage:78 - ⌨️ Cleared and entered text into By.xpath: //label[normalize-space()='Confirm Password']/parent::div/following-sibling::div//input
2026-10-09 20:30:26 [DEBUG] BasePage:29 - 🔎 Waiting for element: By.xpath: //button[normalize-space()='Save']
2026-10-09 20:30:30 [DEBUG] BasePage:29 - 🔎 Waiting for element: By.xpath: //span[contains(@class,'oxd-userdropdown-tab')]
2026-10-09 20:30:30 [DEBUG] BasePage:29 - 🔎 Waiting for element: By.xpath: //a[normalize-space()='Logout']
2026-10-09 20:30:30 [DEBUG] JsonFileManager:60 - 🔑 Value of key 'url': https://opensource-demo.orangehrmlive.com/web/index.php/auth/login
2026-10-09 20:30:30 [DEBUG] BasePage:29 - 🔎 Waiting for element: By.name: username
2026-10-09 20:30:31 [DEBUG] BasePage:29 - 🔎 Waiting for element: By.name: password
2026-10-09 20:30:31 [DEBUG] BasePage:29 - 🔎 Waiting for element: By.xpath: //button[@type='submit']
2026-10-09 20:30:32 [DEBUG] JsonFileManager:60 - 🔑 Value of key 'dashboard': https://opensource-demo.orangehrmlive.com/web/index.php/dashboard/index
2026-10-09 20:30:32 [DEBUG] BasePage:29 - 🔎 Waiting for element: By.className: oxd-topbar-header-breadcrumb
2026-10-09 20:30:33 [INFO ] BaseTest:46 - 🛑 Quitting Chrome driver
2026-10-09 20:30:33 [INFO ] GetChromeDriver:35 - 🛑 Quitting Chrome driver
2026-10-09 20:30:35 [DEBUG] GetChromeDriver:38 - 🧹 Chrome driver quit successfully
2026-10-09 20:30:35 [DEBUG] BaseTest:49 - 🧹 Driver quit and references cleared
2026-10-09 20:30:35 [INFO ] DataProviderTest:58 - 📋 Supplying valid Usernames data
2026-10-09 20:30:35 [INFO ] JsonFileManager:34 - 📄 Loading JSON from [src/main/resources/urls.json]
2026-10-09 20:30:35 [DEBUG] JsonFileManager:45 - ✅ Loaded 5 top-level keys from [src/main/resources/urls.json]
2026-10-09 20:30:35 [INFO ] JsonFileManager:34 - 📄 Loading JSON from [src/main/resources/users.json]
2026-10-09 20:30:35 [DEBUG] JsonFileManager:45 - ✅ Loaded 3 top-level keys from [src/main/resources/users.json]
2026-10-09 20:30:35 [INFO ] OpenCSVFileManager:22 - 📂 Reading CSV file: src/main/resources/invalidEmployees.csv
2026-10-09 20:30:35 [INFO ] OpenCSVFileManager:32 - ✅ CSV loaded: 7 columns, 7 rows from [src/main/resources/invalidEmployees.csv]
2026-10-09 20:30:35 [INFO ] OpenCSVFileManager:22 - 📂 Reading CSV file: src/main/resources/employees.csv
2026-10-09 20:30:35 [INFO ] OpenCSVFileManager:32 - ✅ CSV loaded: 24 columns, 10 rows from [src/main/resources/employees.csv]
2026-10-09 20:30:35 [INFO ] BaseTest:33 - 🚀 Starting Chrome driver
2026-10-09 20:30:35 [INFO ] GetChromeDriver:17 - 🌐 Creating new Chrome driver with --incognito
2026-10-09 20:30:36 [DEBUG] GetChromeDriver:22 - ✅ Chrome driver created
2026-10-09 20:30:36 [DEBUG] BaseTest:35 - 🔍 Driver created: ChromeDriver: chrome on windows (67477c6c582efd80805bb73156c9bfbe)
2026-10-09 20:30:38 [DEBUG] JsonFileManager:60 - 🔑 Value of key 'admin': {username=Admin, password=admin123}
2026-10-09 20:30:38 [DEBUG] BasePage:29 - 🔎 Waiting for element: By.name: username
2026-10-09 20:30:39 [DEBUG] BasePage:29 - 🔎 Waiting for element: By.name: password
2026-10-09 20:30:39 [DEBUG] BasePage:29 - 🔎 Waiting for element: By.xpath: //button[@type='submit']
2026-10-09 20:30:40 [DEBUG] JsonFileManager:60 - 🔑 Value of key 'dashboard': https://opensource-demo.orangehrmlive.com/web/index.php/dashboard/index
2026-10-09 20:30:40 [DEBUG] BasePage:29 - 🔎 Waiting for element: By.className: oxd-topbar-header-breadcrumb
2026-10-09 20:30:41 [DEBUG] BasePage:29 - 🔎 Waiting for element: By.cssSelector: a.oxd-main-menu-item[href='/web/index.php/admin/viewAdminModule']
2026-10-09 20:30:42 [INFO ] DashboardPage:55 - 📂 Clicked Admin menu
2026-10-09 20:30:42 [DEBUG] BasePage:29 - 🔎 Waiting for element: By.xpath: //div[contains(@class,'orangehrm-header-container')]//button[contains(@class,'oxd-button--secondary')]
2026-10-09 20:30:43 [INFO ] DashboardPage:59 - ➕ Clicked header button
2026-10-09 20:30:43 [DEBUG] BasePage:29 - 🔎 Waiting for element: By.xpath: //h6[normalize-space(.)='Add User']
2026-10-09 20:30:44 [DEBUG] BasePage:29 - 🔎 Waiting for element: By.xpath: //input[@placeholder='Type for hints...']
2026-10-09 20:30:46 [DEBUG] BasePage:29 - 🔎 Waiting for element: By.xpath: //div[contains(@class,'oxd-autocomplete-dropdown')]//div[@role='option']
2026-10-09 20:30:46 [INFO ] AddUserPage:135 - 👤 Selected employee James Robert Smith
2026-10-09 20:30:46 [DEBUG] BasePage:29 - 🔎 Waiting for element: By.xpath: //div[contains(@class,'oxd-input-group')][.//label[starts-with(normalize-space(.),'User Role')]]//div[contains(@class,'oxd-select-text')]
2026-10-09 20:30:46 [DEBUG] BasePage:44 - 🔎 Waiting for elements: By.xpath: //div[@role='listbox']//div[@role='option']
2026-10-09 20:30:46 [DEBUG] BasePage:52 - 📦 Found 3 elements for By.xpath: //div[@role='listbox']//div[@role='option']
2026-10-09 20:30:46 [INFO ] AddUserPage:153 - 🔽 Selected 'Admin'
2026-10-09 20:30:46 [DEBUG] BasePage:29 - 🔎 Waiting for element: By.xpath: //div[contains(@class,'oxd-input-group')][.//label[starts-with(normalize-space(.),'Status')]]//div[contains(@class,'oxd-select-text')]
2026-10-09 20:30:47 [DEBUG] BasePage:44 - 🔎 Waiting for elements: By.xpath: //div[@role='listbox']//div[@role='option']
2026-10-09 20:30:47 [DEBUG] BasePage:52 - 📦 Found 3 elements for By.xpath: //div[@role='listbox']//div[@role='option']
2026-10-09 20:30:47 [INFO ] AddUserPage:153 - 🔽 Selected 'Enabled'
2026-10-09 20:30:47 [DEBUG] BasePage:29 - 🔎 Waiting for element: By.xpath: //div[contains(@class,'oxd-input-group')][.//label[starts-with(normalize-space(.),'Username')]]//input
2026-10-09 20:30:47 [INFO ] BasePage:78 - ⌨️ Cleared and entered text into By.xpath: //div[contains(@class,'oxd-input-group')][.//label[starts-with(normalize-space(.),'Username')]]//input
2026-10-09 20:30:47 [DEBUG] BasePage:29 - 🔎 Waiting for element: By.xpath: //div[contains(@class,'oxd-input-group')][.//label[starts-with(normalize-space(.),'Password')]]//input
2026-10-09 20:30:47 [INFO ] BasePage:78 - ⌨️ Cleared and entered text into By.xpath: //div[contains(@class,'oxd-input-group')][.//label[starts-with(normalize-space(.),'Password')]]//input
2026-10-09 20:30:47 [DEBUG] BasePage:29 - 🔎 Waiting for element: By.xpath: //div[contains(@class,'oxd-input-group')][.//label[starts-with(normalize-space(.),'Confirm Password')]]//input
2026-10-09 20:30:47 [INFO ] BasePage:78 - ⌨️ Cleared and entered text into By.xpath: //div[contains(@class,'oxd-input-group')][.//label[starts-with(normalize-space(.),'Confirm Password')]]//input
2026-10-09 20:30:47 [DEBUG] BasePage:29 - 🔎 Waiting for element: By.xpath: //button[@type='submit' and normalize-space(.)='Save']
2026-10-09 20:30:47 [INFO ] AddUserPage:140 - 💾 Clicked Save
2026-10-09 20:30:52 [DEBUG] JsonFileManager:60 - 🔑 Value of key 'admin': https://opensource-demo.orangehrmlive.com/web/index.php/admin/viewSystemUsers
2026-10-09 20:30:52 [INFO ] BaseTest:46 - 🛑 Quitting Chrome driver
2026-10-09 20:30:52 [INFO ] GetChromeDriver:35 - 🛑 Quitting Chrome driver
2026-10-09 20:30:53 [DEBUG] GetChromeDriver:38 - 🧹 Chrome driver quit successfully
2026-10-09 20:30:53 [DEBUG] BaseTest:49 - 🧹 Driver quit and references cleared
2026-10-09 20:30:53 [INFO ] DataProviderTest:18 - 📋 Supplying validCredentials data
2026-10-09 20:30:53 [DEBUG] JsonFileManager:60 - 🔑 Value of key 'valid': [{username=jsmith1, password=a234567}, {username=mjohnson2, password=a234567}, {username=edavis3, password=a234567}, {username=obrown4, password=a234567}, {username=ewilson5, password=a234567}, {username=smiller6, password=a234567}, {username=dgarcia7, password=a234567}, {username=amartinez8, password=a234567}, {username=manderson9, password=a234567}, {username=mthompson10, password=a234567}]
2026-10-09 20:30:53 [INFO ] JsonFileManager:34 - 📄 Loading JSON from [src/main/resources/urls.json]
2026-10-09 20:30:53 [DEBUG] JsonFileManager:45 - ✅ Loaded 5 top-level keys from [src/main/resources/urls.json]
2026-10-09 20:30:53 [INFO ] JsonFileManager:34 - 📄 Loading JSON from [src/main/resources/users.json]
2026-10-09 20:30:53 [DEBUG] JsonFileManager:45 - ✅ Loaded 3 top-level keys from [src/main/resources/users.json]
2026-10-09 20:30:53 [INFO ] OpenCSVFileManager:22 - 📂 Reading CSV file: src/main/resources/invalidEmployees.csv
2026-10-09 20:30:53 [INFO ] OpenCSVFileManager:32 - ✅ CSV loaded: 7 columns, 7 rows from [src/main/resources/invalidEmployees.csv]
2026-10-09 20:30:53 [INFO ] OpenCSVFileManager:22 - 📂 Reading CSV file: src/main/resources/employees.csv
2026-10-09 20:30:53 [INFO ] OpenCSVFileManager:32 - ✅ CSV loaded: 24 columns, 10 rows from [src/main/resources/employees.csv]
2026-10-09 20:30:53 [INFO ] BaseTest:33 - 🚀 Starting Chrome driver
2026-10-09 20:30:53 [INFO ] GetChromeDriver:17 - 🌐 Creating new Chrome driver with --incognito
2026-10-09 20:30:54 [DEBUG] GetChromeDriver:22 - ✅ Chrome driver created
2026-10-09 20:30:54 [DEBUG] BaseTest:35 - 🔍 Driver created: ChromeDriver: chrome on windows (140fc573af99f092903f4f8958ae6cfc)
2026-10-09 20:30:57 [DEBUG] BasePage:29 - 🔎 Waiting for element: By.name: username
2026-10-09 20:30:58 [DEBUG] BasePage:29 - 🔎 Waiting for element: By.name: password
2026-10-09 20:30:58 [DEBUG] BasePage:29 - 🔎 Waiting for element: By.xpath: //button[@type='submit']
2026-10-09 20:30:59 [DEBUG] JsonFileManager:60 - 🔑 Value of key 'dashboard': https://opensource-demo.orangehrmlive.com/web/index.php/dashboard/index
2026-10-09 20:30:59 [DEBUG] BasePage:29 - 🔎 Waiting for element: By.className: oxd-topbar-header-breadcrumb
2026-10-09 20:30:59 [INFO ] BaseTest:46 - 🛑 Quitting Chrome driver
2026-10-09 20:30:59 [INFO ] GetChromeDriver:35 - 🛑 Quitting Chrome driver
2026-10-09 20:31:00 [DEBUG] GetChromeDriver:38 - 🧹 Chrome driver quit successfully
2026-10-09 20:31:00 [DEBUG] BaseTest:49 - 🧹 Driver quit and references cleared
2026-10-09 20:31:00 [INFO ] DataProviderTest:38 - 📋 Supplying valid Employees data
2026-10-09 20:31:00 [INFO ] JsonFileManager:34 - 📄 Loading JSON from [src/main/resources/urls.json]
2026-10-09 20:31:00 [DEBUG] JsonFileManager:45 - ✅ Loaded 5 top-level keys from [src/main/resources/urls.json]
2026-10-09 20:31:00 [INFO ] JsonFileManager:34 - 📄 Loading JSON from [src/main/resources/users.json]
2026-10-09 20:31:00 [DEBUG] JsonFileManager:45 - ✅ Loaded 3 top-level keys from [src/main/resources/users.json]
2026-10-09 20:31:00 [INFO ] OpenCSVFileManager:22 - 📂 Reading CSV file: src/main/resources/invalidEmployees.csv
2026-10-09 20:31:00 [INFO ] OpenCSVFileManager:32 - ✅ CSV loaded: 7 columns, 7 rows from [src/main/resources/invalidEmployees.csv]
2026-10-09 20:31:00 [INFO ] OpenCSVFileManager:22 - 📂 Reading CSV file: src/main/resources/employees.csv
2026-10-09 20:31:00 [INFO ] OpenCSVFileManager:32 - ✅ CSV loaded: 24 columns, 10 rows from [src/main/resources/employees.csv]
2026-10-09 20:31:00 [INFO ] BaseTest:33 - 🚀 Starting Chrome driver
2026-10-09 20:31:00 [INFO ] GetChromeDriver:17 - 🌐 Creating new Chrome driver with --incognito
2026-10-09 20:31:01 [DEBUG] GetChromeDriver:22 - ✅ Chrome driver created
2026-10-09 20:31:01 [DEBUG] BaseTest:35 - 🔍 Driver created: ChromeDriver: chrome on windows (57db5e6545ed90b64438ffc151a7e80f)
2026-10-09 20:31:03 [DEBUG] BasePage:29 - 🔎 Waiting for element: By.name: username
2026-10-09 20:31:04 [DEBUG] BasePage:29 - 🔎 Waiting for element: By.name: password
2026-10-09 20:31:04 [DEBUG] BasePage:29 - 🔎 Waiting for element: By.xpath: //button[@type='submit']
2026-10-09 20:31:05 [DEBUG] JsonFileManager:60 - 🔑 Value of key 'dashboard': https://opensource-demo.orangehrmlive.com/web/index.php/dashboard/index
2026-10-09 20:31:05 [DEBUG] BasePage:29 - 🔎 Waiting for element: By.className: oxd-topbar-header-breadcrumb
2026-10-09 20:31:05 [DEBUG] BasePage:29 - 🔎 Waiting for element: By.xpath: //a[contains(@class,'oxd-main-menu-item') and @href='/web/index.php/pim/viewMyDetails']
2026-10-09 20:31:06 [INFO ] EmployeeInfoPage:211 - 👤 Clicked My Info menu
2026-10-09 20:31:09 [DEBUG] BasePage:29 - 🔎 Waiting for element: By.xpath: //div[contains(@class,'oxd-input-group')][.//label[starts-with(normalize-space(.),'Nationality')]]//div[contains(@class,'oxd-select-text')]
2026-10-09 20:31:09 [DEBUG] BasePage:44 - 🔎 Waiting for elements: By.xpath: //div[@role='listbox']//div[@role='option']
2026-10-09 20:31:09 [DEBUG] BasePage:52 - 📦 Found 194 elements for By.xpath: //div[@role='listbox']//div[@role='option']
2026-10-09 20:31:10 [INFO ] EmployeeInfoPage:345 - 🔽 Selected 'Egyptian'
2026-10-09 20:31:10 [DEBUG] BasePage:29 - 🔎 Waiting for element: By.xpath: //div[contains(@class,'oxd-input-group')][.//label[starts-with(normalize-space(.),'Marital Status')]]//div[contains(@class,'oxd-select-text')]
2026-10-09 20:31:10 [DEBUG] BasePage:44 - 🔎 Waiting for elements: By.xpath: //div[@role='listbox']//div[@role='option']
2026-10-09 20:31:10 [DEBUG] BasePage:52 - 📦 Found 4 elements for By.xpath: //div[@role='listbox']//div[@role='option']
2026-10-09 20:31:11 [INFO ] EmployeeInfoPage:345 - 🔽 Selected 'Single'
2026-10-09 20:31:11 [DEBUG] BasePage:29 - 🔎 Waiting for element: By.xpath: //div[contains(@class,'orangehrm-card-container')][.//h6[normalize-space(.)='Personal Details']]//button[@type='submit' and contains(@class,'oxd-button--secondary') and contains(@class,'orangehrm-left-space')]
2026-10-09 20:31:11 [INFO ] EmployeeInfoPage:229 - 💾 Clicked Personal Details Save
2026-10-09 20:31:11 [DEBUG] BasePage:29 - 🔎 Waiting for element: By.xpath: //div[contains(@class,'oxd-toast')]//p[contains(@class,'oxd-text--toast-message')]
2026-10-09 20:31:11 [DEBUG] BasePage:29 - 🔎 Waiting for element: By.xpath: //div[contains(@class,'oxd-input-group')][.//label[starts-with(normalize-space(.),'Nationality')]]//div[contains(@class,'oxd-select-text-input')]
2026-10-09 20:31:11 [DEBUG] BasePage:29 - 🔎 Waiting for element: By.xpath: //div[contains(@class,'oxd-input-group')][.//label[starts-with(normalize-space(.),'Marital Status')]]//div[contains(@class,'oxd-select-text-input')]
2026-10-09 20:31:14 [DEBUG] BasePage:29 - 🔎 Waiting for element: By.xpath: //a[contains(@class,'orangehrm-tabs-item') and contains(@href,'/pim/viewEmergencyContacts/') and normalize-space(.)='Emergency Contacts']
2026-10-09 20:31:15 [INFO ] EmployeeInfoPage:234 - 📑 Clicked Emergency Contacts tab
2026-10-09 20:31:15 [DEBUG] BasePage:29 - 🔎 Waiting for element: By.xpath: //div[contains(@class,'orangehrm-action-header')][.//h6[normalize-space(.)='Assigned Emergency Contacts']]//button[contains(@class,'oxd-button--text')]
2026-10-09 20:31:16 [INFO ] EmployeeInfoPage:239 - ➕ Clicked Add in Assigned Emergency Contacts
2026-10-09 20:31:16 [DEBUG] BasePage:29 - 🔎 Waiting for element: By.xpath: //h6[normalize-space(.)='Save Emergency Contact']/ancestor::div[.//input][1]//div[contains(@class,'oxd-input-group')][.//label[normalize-space(.)='Name']]//input
2026-10-09 20:31:16 [INFO ] BasePage:78 - ⌨️ Cleared and entered text into By.xpath: //h6[normalize-space(.)='Save Emergency Contact']/ancestor::div[.//input][1]//div[contains(@class,'oxd-input-group')][.//label[normalize-space(.)='Name']]//input
2026-10-09 20:31:16 [DEBUG] BasePage:29 - 🔎 Waiting for element: By.xpath: //h6[normalize-space(.)='Save Emergency Contact']/ancestor::div[.//input][1]//div[contains(@class,'oxd-input-group')][.//label[normalize-space(.)='Relationship']]//input
2026-10-09 20:31:16 [INFO ] BasePage:78 - ⌨️ Cleared and entered text into By.xpath: //h6[normalize-space(.)='Save Emergency Contact']/ancestor::div[.//input][1]//div[contains(@class,'oxd-input-group')][.//label[normalize-space(.)='Relationship']]//input
2026-10-09 20:31:16 [DEBUG] BasePage:29 - 🔎 Waiting for element: By.xpath: //h6[normalize-space(.)='Save Emergency Contact']/ancestor::div[.//input][1]//div[contains(@class,'oxd-input-group')][.//label[normalize-space(.)='Home Telephone']]//input
2026-10-09 20:31:16 [INFO ] BasePage:78 - ⌨️ Cleared and entered text into By.xpath: //h6[normalize-space(.)='Save Emergency Contact']/ancestor::div[.//input][1]//div[contains(@class,'oxd-input-group')][.//label[normalize-space(.)='Home Telephone']]//input
2026-10-09 20:31:16 [DEBUG] BasePage:29 - 🔎 Waiting for element: By.xpath: //h6[normalize-space(.)='Save Emergency Contact']/ancestor::div[.//input][1]//div[contains(@class,'oxd-input-group')][.//label[normalize-space(.)='Mobile']]//input
2026-10-09 20:31:17 [INFO ] BasePage:78 - ⌨️ Cleared and entered text into By.xpath: //h6[normalize-space(.)='Save Emergency Contact']/ancestor::div[.//input][1]//div[contains(@class,'oxd-input-group')][.//label[normalize-space(.)='Mobile']]//input
2026-10-09 20:31:17 [DEBUG] BasePage:29 - 🔎 Waiting for element: By.xpath: //h6[normalize-space(.)='Save Emergency Contact']/ancestor::div[.//input][1]//div[contains(@class,'oxd-input-group')][.//label[normalize-space(.)='Work Telephone']]//input
2026-10-09 20:31:17 [INFO ] BasePage:78 - ⌨️ Cleared and entered text into By.xpath: //h6[normalize-space(.)='Save Emergency Contact']/ancestor::div[.//input][1]//div[contains(@class,'oxd-input-group')][.//label[normalize-space(.)='Work Telephone']]//input
2026-10-09 20:31:17 [DEBUG] BasePage:29 - 🔎 Waiting for element: By.xpath: //h6[normalize-space(.)='Save Emergency Contact']/ancestor::div[.//input][1]//button[@type='submit']
2026-10-09 20:31:17 [INFO ] EmployeeInfoPage:264 - 💾 Clicked Save Emergency Contact
2026-10-09 20:31:17 [DEBUG] BasePage:29 - 🔎 Waiting for element: By.xpath: //div[contains(@class,'oxd-toast')]//p[contains(@class,'oxd-text--toast-message')]
2026-10-09 20:31:23 [DEBUG] BasePage:29 - 🔎 Waiting for element: By.xpath: //a[contains(@class,'orangehrm-tabs-item') and normalize-space(.)='Contact Details']
2026-10-09 20:31:24 [INFO ] EmployeeInfoPage:269 - 📑 Clicked Contact Details tab
2026-10-09 20:31:24 [DEBUG] BasePage:29 - 🔎 Waiting for element: By.xpath: //form[.//label[normalize-space(.)='Street 1']]//div[contains(concat(' ',normalize-space(@class),' '),' oxd-input-group ')][.//label[normalize-space(.)='Street 1']]//input
2026-10-09 20:31:25 [INFO ] BasePage:78 - ⌨️ Cleared and entered text into By.xpath: //form[.//label[normalize-space(.)='Street 1']]//div[contains(concat(' ',normalize-space(@class),' '),' oxd-input-group ')][.//label[normalize-space(.)='Street 1']]//input
2026-10-09 20:31:25 [DEBUG] BasePage:29 - 🔎 Waiting for element: By.xpath: //form[.//label[normalize-space(.)='Street 1']]//div[contains(concat(' ',normalize-space(@class),' '),' oxd-input-group ')][.//label[normalize-space(.)='Street 2']]//input
2026-10-09 20:31:25 [INFO ] BasePage:78 - ⌨️ Cleared and entered text into By.xpath: //form[.//label[normalize-space(.)='Street 1']]//div[contains(concat(' ',normalize-space(@class),' '),' oxd-input-group ')][.//label[normalize-space(.)='Street 2']]//input
2026-10-09 20:31:25 [DEBUG] BasePage:29 - 🔎 Waiting for element: By.xpath: //form[.//label[normalize-space(.)='Street 1']]//div[contains(concat(' ',normalize-space(@class),' '),' oxd-input-group ')][.//label[normalize-space(.)='City']]//input
2026-10-09 20:31:25 [INFO ] BasePage:78 - ⌨️ Cleared and entered text into By.xpath: //form[.//label[normalize-space(.)='Street 1']]//div[contains(concat(' ',normalize-space(@class),' '),' oxd-input-group ')][.//label[normalize-space(.)='City']]//input
2026-10-09 20:31:25 [DEBUG] BasePage:29 - 🔎 Waiting for element: By.xpath: //form[.//label[normalize-space(.)='Street 1']]//div[contains(concat(' ',normalize-space(@class),' '),' oxd-input-group ')][.//label[normalize-space(.)='State/Province']]//input
2026-10-09 20:31:25 [INFO ] BasePage:78 - ⌨️ Cleared and entered text into By.xpath: //form[.//label[normalize-space(.)='Street 1']]//div[contains(concat(' ',normalize-space(@class),' '),' oxd-input-group ')][.//label[normalize-space(.)='State/Province']]//input
2026-10-09 20:31:25 [DEBUG] BasePage:29 - 🔎 Waiting for element: By.xpath: //form[.//label[normalize-space(.)='Street 1']]//div[contains(concat(' ',normalize-space(@class),' '),' oxd-input-group ')][.//label[normalize-space(.)='Zip/Postal Code']]//input
2026-10-09 20:31:26 [INFO ] BasePage:78 - ⌨️ Cleared and entered text into By.xpath: //form[.//label[normalize-space(.)='Street 1']]//div[contains(concat(' ',normalize-space(@class),' '),' oxd-input-group ')][.//label[normalize-space(.)='Zip/Postal Code']]//input
2026-10-09 20:31:26 [DEBUG] BasePage:29 - 🔎 Waiting for element: By.xpath: //form[.//label[normalize-space(.)='Street 1']]//div[contains(concat(' ',normalize-space(@class),' '),' oxd-input-group ')][.//label[normalize-space(.)='Country']]//div[contains(@class,'oxd-select-text')]
2026-10-09 20:31:26 [DEBUG] BasePage:44 - 🔎 Waiting for elements: By.xpath: //div[@role='listbox']//div[@role='option']
2026-10-09 20:31:26 [DEBUG] BasePage:52 - 📦 Found 240 elements for By.xpath: //div[@role='listbox']//div[@role='option']
2026-10-09 20:31:29 [INFO ] EmployeeInfoPage:345 - 🔽 Selected 'United States'
2026-10-09 20:31:29 [DEBUG] BasePage:29 - 🔎 Waiting for element: By.xpath: //form[.//label[normalize-space(.)='Street 1']]//div[contains(concat(' ',normalize-space(@class),' '),' oxd-input-group ')][.//label[normalize-space(.)='Home']]//input
2026-10-09 20:31:29 [INFO ] BasePage:78 - ⌨️ Cleared and entered text into By.xpath: //form[.//label[normalize-space(.)='Street 1']]//div[contains(concat(' ',normalize-space(@class),' '),' oxd-input-group ')][.//label[normalize-space(.)='Home']]//input
2026-10-09 20:31:29 [DEBUG] BasePage:29 - 🔎 Waiting for element: By.xpath: //form[.//label[normalize-space(.)='Street 1']]//div[contains(concat(' ',normalize-space(@class),' '),' oxd-input-group ')][.//label[normalize-space(.)='Mobile']]//input
2026-10-09 20:31:29 [INFO ] BasePage:78 - ⌨️ Cleared and entered text into By.xpath: //form[.//label[normalize-space(.)='Street 1']]//div[contains(concat(' ',normalize-space(@class),' '),' oxd-input-group ')][.//label[normalize-space(.)='Mobile']]//input
2026-10-09 20:31:29 [DEBUG] BasePage:29 - 🔎 Waiting for element: By.xpath: //form[.//label[normalize-space(.)='Street 1']]//div[contains(concat(' ',normalize-space(@class),' '),' oxd-input-group ')][.//label[normalize-space(.)='Work']]//input
2026-10-09 20:31:29 [INFO ] BasePage:78 - ⌨️ Cleared and entered text into By.xpath: //form[.//label[normalize-space(.)='Street 1']]//div[contains(concat(' ',normalize-space(@class),' '),' oxd-input-group ')][.//label[normalize-space(.)='Work']]//input
2026-10-09 20:31:29 [DEBUG] BasePage:29 - 🔎 Waiting for element: By.xpath: //form[.//label[normalize-space(.)='Street 1']]//div[contains(concat(' ',normalize-space(@class),' '),' oxd-input-group ')][.//label[normalize-space(.)='Work Email']]//input
2026-10-09 20:31:30 [INFO ] BasePage:78 - ⌨️ Cleared and entered text into By.xpath: //form[.//label[normalize-space(.)='Street 1']]//div[contains(concat(' ',normalize-space(@class),' '),' oxd-input-group ')][.//label[normalize-space(.)='Work Email']]//input
2026-10-09 20:31:30 [DEBUG] BasePage:29 - 🔎 Waiting for element: By.xpath: //form[.//label[normalize-space(.)='Street 1']]//div[contains(concat(' ',normalize-space(@class),' '),' oxd-input-group ')][.//label[normalize-space(.)='Other Email']]//input
2026-10-09 20:31:30 [INFO ] BasePage:78 - ⌨️ Cleared and entered text into By.xpath: //form[.//label[normalize-space(.)='Street 1']]//div[contains(concat(' ',normalize-space(@class),' '),' oxd-input-group ')][.//label[normalize-space(.)='Other Email']]//input
2026-10-09 20:31:30 [INFO ] EmployeeInfoPage:330 - 🏠 Entered contact details
2026-10-09 20:31:30 [DEBUG] BasePage:29 - 🔎 Waiting for element: By.xpath: //form[.//label[normalize-space(.)='Street 1']]//button[@type='submit']
2026-10-09 20:31:30 [INFO ] EmployeeInfoPage:335 - 💾 Clicked Contact Details Save
2026-10-09 20:31:30 [DEBUG] BasePage:29 - 🔎 Waiting for element: By.xpath: //div[contains(@class,'oxd-toast')]//p[contains(@class,'oxd-text--toast-message')]
2026-10-09 20:31:31 [DEBUG] BasePage:29 - 🔎 Waiting for element: By.xpath: //form[.//label[normalize-space(.)='Street 1']]//div[contains(concat(' ',normalize-space(@class),' '),' oxd-input-group ')][.//label[normalize-space(.)='Street 1']]//input
2026-10-09 20:31:31 [DEBUG] BasePage:29 - 🔎 Waiting for element: By.xpath: //form[.//label[normalize-space(.)='Street 1']]//div[contains(concat(' ',normalize-space(@class),' '),' oxd-input-group ')][.//label[normalize-space(.)='Street 2']]//input
2026-10-09 20:31:31 [DEBUG] BasePage:29 - 🔎 Waiting for element: By.xpath: //form[.//label[normalize-space(.)='Street 1']]//div[contains(concat(' ',normalize-space(@class),' '),' oxd-input-group ')][.//label[normalize-space(.)='City']]//input
2026-10-09 20:31:31 [DEBUG] BasePage:29 - 🔎 Waiting for element: By.xpath: //form[.//label[normalize-space(.)='Street 1']]//div[contains(concat(' ',normalize-space(@class),' '),' oxd-input-group ')][.//label[normalize-space(.)='State/Province']]//input
2026-10-09 20:31:31 [DEBUG] BasePage:29 - 🔎 Waiting for element: By.xpath: //form[.//label[normalize-space(.)='Street 1']]//div[contains(concat(' ',normalize-space(@class),' '),' oxd-input-group ')][.//label[normalize-space(.)='Zip/Postal Code']]//input
2026-10-09 20:31:31 [DEBUG] BasePage:29 - 🔎 Waiting for element: By.xpath: //form[.//label[normalize-space(.)='Street 1']]//div[contains(concat(' ',normalize-space(@class),' '),' oxd-input-group ')][.//label[normalize-space(.)='Country']]//div[contains(@class,'oxd-select-text')]
2026-10-09 20:31:31 [DEBUG] BasePage:29 - 🔎 Waiting for element: By.xpath: //form[.//label[normalize-space(.)='Street 1']]//div[contains(concat(' ',normalize-space(@class),' '),' oxd-input-group ')][.//label[normalize-space(.)='Home']]//input
2026-10-09 20:31:31 [DEBUG] BasePage:29 - 🔎 Waiting for element: By.xpath: //form[.//label[normalize-space(.)='Street 1']]//div[contains(concat(' ',normalize-space(@class),' '),' oxd-input-group ')][.//label[normalize-space(.)='Mobile']]//input
2026-10-09 20:31:31 [DEBUG] BasePage:29 - 🔎 Waiting for element: By.xpath: //form[.//label[normalize-space(.)='Street 1']]//div[contains(concat(' ',normalize-space(@class),' '),' oxd-input-group ')][.//label[normalize-space(.)='Work']]//input
2026-10-09 20:31:32 [DEBUG] BasePage:29 - 🔎 Waiting for element: By.xpath: //form[.//label[normalize-space(.)='Street 1']]//div[contains(concat(' ',normalize-space(@class),' '),' oxd-input-group ')][.//label[normalize-space(.)='Work Email']]//input
2026-10-09 20:31:32 [DEBUG] BasePage:29 - 🔎 Waiting for element: By.xpath: //form[.//label[normalize-space(.)='Street 1']]//div[contains(concat(' ',normalize-space(@class),' '),' oxd-input-group ')][.//label[normalize-space(.)='Other Email']]//input
2026-10-09 20:31:35 [DEBUG] BasePage:29 - 🔎 Waiting for element: By.xpath: //span[contains(@class,'oxd-userdropdown-tab')]
2026-10-09 20:31:35 [DEBUG] BasePage:29 - 🔎 Waiting for element: By.xpath: //a[normalize-space()='Logout']
2026-10-09 20:31:35 [DEBUG] JsonFileManager:60 - 🔑 Value of key 'url': https://opensource-demo.orangehrmlive.com/web/index.php/auth/login
2026-10-09 20:31:35 [DEBUG] JsonFileManager:60 - 🔑 Value of key 'admin': {username=Admin, password=admin123}
2026-10-09 20:31:35 [DEBUG] BasePage:29 - 🔎 Waiting for element: By.name: username
2026-10-09 20:31:36 [DEBUG] BasePage:29 - 🔎 Waiting for element: By.name: password
2026-10-09 20:31:36 [DEBUG] BasePage:29 - 🔎 Waiting for element: By.xpath: //button[@type='submit']
2026-10-09 20:31:37 [DEBUG] JsonFileManager:60 - 🔑 Value of key 'dashboard': https://opensource-demo.orangehrmlive.com/web/index.php/dashboard/index
2026-10-09 20:31:37 [DEBUG] BasePage:29 - 🔎 Waiting for element: By.className: oxd-topbar-header-breadcrumb
2026-10-09 20:31:37 [DEBUG] BasePage:29 - 🔎 Waiting for element: By.linkText: PIM
2026-10-09 20:31:38 [DEBUG] BasePage:29 - 🔎 Waiting for element: By.xpath: //label[normalize-space()='Employee Id']/parent::div/following-sibling::div//input
2026-10-09 20:31:39 [INFO ] BasePage:78 - ⌨️ Cleared and entered text into By.xpath: //label[normalize-space()='Employee Id']/parent::div/following-sibling::div//input
2026-10-09 20:31:39 [DEBUG] BasePage:29 - 🔎 Waiting for element: By.xpath: //button[normalize-space()='Search']
2026-10-09 20:31:41 [INFO ] PIMPage:150 - 🖱️ Clicked first search result
2026-10-09 20:31:44 [DEBUG] BasePage:29 - 🔎 Waiting for element: By.xpath: //div[contains(@class,'oxd-input-group')][.//label[starts-with(normalize-space(.),'Nationality')]]//div[contains(@class,'oxd-select-text-input')]
2026-10-09 20:31:44 [DEBUG] BasePage:29 - 🔎 Waiting for element: By.xpath: //div[contains(@class,'oxd-input-group')][.//label[starts-with(normalize-space(.),'Marital Status')]]//div[contains(@class,'oxd-select-text-input')]
2026-10-09 20:31:44 [DEBUG] BasePage:29 - 🔎 Waiting for element: By.xpath: //a[contains(@class,'orangehrm-tabs-item') and contains(@href,'/pim/viewEmergencyContacts/') and normalize-space(.)='Emergency Contacts']
2026-10-09 20:31:44 [INFO ] EmployeeInfoPage:234 - 📑 Clicked Emergency Contacts tab
2026-10-09 20:31:47 [DEBUG] BasePage:29 - 🔎 Waiting for element: By.xpath: //a[contains(@class,'orangehrm-tabs-item') and normalize-space(.)='Contact Details']
2026-10-09 20:31:48 [INFO ] EmployeeInfoPage:269 - 📑 Clicked Contact Details tab
2026-10-09 20:31:51 [DEBUG] BasePage:29 - 🔎 Waiting for element: By.xpath: //form[.//label[normalize-space(.)='Street 1']]//div[contains(concat(' ',normalize-space(@class),' '),' oxd-input-group ')][.//label[normalize-space(.)='Street 1']]//input
2026-10-09 20:31:51 [DEBUG] BasePage:29 - 🔎 Waiting for element: By.xpath: //form[.//label[normalize-space(.)='Street 1']]//div[contains(concat(' ',normalize-space(@class),' '),' oxd-input-group ')][.//label[normalize-space(.)='Street 2']]//input
2026-10-09 20:31:51 [DEBUG] BasePage:29 - 🔎 Waiting for element: By.xpath: //form[.//label[normalize-space(.)='Street 1']]//div[contains(concat(' ',normalize-space(@class),' '),' oxd-input-group ')][.//label[normalize-space(.)='City']]//input
2026-10-09 20:31:51 [DEBUG] BasePage:29 - 🔎 Waiting for element: By.xpath: //form[.//label[normalize-space(.)='Street 1']]//div[contains(concat(' ',normalize-space(@class),' '),' oxd-input-group ')][.//label[normalize-space(.)='State/Province']]//input
2026-10-09 20:31:51 [DEBUG] BasePage:29 - 🔎 Waiting for element: By.xpath: //form[.//label[normalize-space(.)='Street 1']]//div[contains(concat(' ',normalize-space(@class),' '),' oxd-input-group ')][.//label[normalize-space(.)='Zip/Postal Code']]//input
2026-10-09 20:31:51 [DEBUG] BasePage:29 - 🔎 Waiting for element: By.xpath: //form[.//label[normalize-space(.)='Street 1']]//div[contains(concat(' ',normalize-space(@class),' '),' oxd-input-group ')][.//label[normalize-space(.)='Country']]//div[contains(@class,'oxd-select-text')]
2026-10-09 20:31:51 [DEBUG] BasePage:29 - 🔎 Waiting for element: By.xpath: //form[.//label[normalize-space(.)='Street 1']]//div[contains(concat(' ',normalize-space(@class),' '),' oxd-input-group ')][.//label[normalize-space(.)='Home']]//input
2026-10-09 20:31:51 [DEBUG] BasePage:29 - 🔎 Waiting for element: By.xpath: //form[.//label[normalize-space(.)='Street 1']]//div[contains(concat(' ',normalize-space(@class),' '),' oxd-input-group ')][.//label[normalize-space(.)='Mobile']]//input
2026-10-09 20:31:51 [DEBUG] BasePage:29 - 🔎 Waiting for element: By.xpath: //form[.//label[normalize-space(.)='Street 1']]//div[contains(concat(' ',normalize-space(@class),' '),' oxd-input-group ')][.//label[normalize-space(.)='Work']]//input
2026-10-09 20:31:51 [DEBUG] BasePage:29 - 🔎 Waiting for element: By.xpath: //form[.//label[normalize-space(.)='Street 1']]//div[contains(concat(' ',normalize-space(@class),' '),' oxd-input-group ')][.//label[normalize-space(.)='Work Email']]//input
2026-10-09 20:31:51 [DEBUG] BasePage:29 - 🔎 Waiting for element: By.xpath: //form[.//label[normalize-space(.)='Street 1']]//div[contains(concat(' ',normalize-space(@class),' '),' oxd-input-group ')][.//label[normalize-space(.)='Other Email']]//input
2026-10-09 20:31:51 [INFO ] BaseTest:46 - 🛑 Quitting Chrome driver
2026-10-09 20:31:51 [INFO ] GetChromeDriver:35 - 🛑 Quitting Chrome driver
2026-10-09 20:31:51 [DEBUG] GetChromeDriver:38 - 🧹 Chrome driver quit successfully
2026-10-09 20:31:51 [DEBUG] BaseTest:49 - 🧹 Driver quit and references cleared
2026-10-09 20:31:51 [INFO ] DataProviderTest:28 - 📋 Supplying invalidCredentials data
2026-10-09 20:31:51 [DEBUG] JsonFileManager:60 - 🔑 Value of key 'invalid': [{username=jsmith1, password=wrongpass}, {username=mjohnson2, password=wrongpass}, {username=edavis3, password=wrongpass}, {username=obrown4, password=wrongpass}, {username=ewilson5, password=wrongpass}, {username=smiller6, password=wrongpass}, {username=dgarcia7, password=wrongpass}, {username=amartinez8, password=wrongpass}, {username=manderson9, password=wrongpass}, {username=mthompson10, password=wrongpass}, {username=nouser99, password=a234567}, {username=, password=a234567}]
2026-10-09 20:31:51 [INFO ] JsonFileManager:34 - 📄 Loading JSON from [src/main/resources/urls.json]
2026-10-09 20:31:51 [DEBUG] JsonFileManager:45 - ✅ Loaded 5 top-level keys from [src/main/resources/urls.json]
2026-10-09 20:31:51 [INFO ] JsonFileManager:34 - 📄 Loading JSON from [src/main/resources/users.json]
2026-10-09 20:31:51 [DEBUG] JsonFileManager:45 - ✅ Loaded 3 top-level keys from [src/main/resources/users.json]
2026-10-09 20:31:51 [INFO ] OpenCSVFileManager:22 - 📂 Reading CSV file: src/main/resources/invalidEmployees.csv
2026-10-09 20:31:51 [INFO ] OpenCSVFileManager:32 - ✅ CSV loaded: 7 columns, 7 rows from [src/main/resources/invalidEmployees.csv]
2026-10-09 20:31:51 [INFO ] OpenCSVFileManager:22 - 📂 Reading CSV file: src/main/resources/employees.csv
2026-10-09 20:31:51 [INFO ] OpenCSVFileManager:32 - ✅ CSV loaded: 24 columns, 10 rows from [src/main/resources/employees.csv]
2026-10-09 20:31:51 [INFO ] BaseTest:33 - 🚀 Starting Chrome driver
2026-10-09 20:31:51 [INFO ] GetChromeDriver:17 - 🌐 Creating new Chrome driver with --incognito
2026-10-09 20:31:53 [DEBUG] GetChromeDriver:22 - ✅ Chrome driver created
2026-10-09 20:31:53 [DEBUG] BaseTest:35 - 🔍 Driver created: ChromeDriver: chrome on windows (47d562489629707a419dae147acc7b4b)
2026-10-09 20:31:55 [DEBUG] BasePage:29 - 🔎 Waiting for element: By.name: username
2026-10-09 20:31:55 [DEBUG] BasePage:29 - 🔎 Waiting for element: By.name: password
2026-10-09 20:31:55 [DEBUG] BasePage:29 - 🔎 Waiting for element: By.xpath: //button[@type='submit']
2026-10-09 20:31:55 [DEBUG] BasePage:29 - 🔎 Waiting for element: By.cssSelector: p.oxd-alert-content-text
2026-10-09 20:31:57 [DEBUG] BasePage:29 - 🔎 Waiting for element: By.cssSelector: p.oxd-alert-content-text
2026-10-09 20:31:57 [INFO ] BaseTest:46 - 🛑 Quitting Chrome driver
2026-10-09 20:31:57 [INFO ] GetChromeDriver:35 - 🛑 Quitting Chrome driver
2026-10-09 20:31:57 [DEBUG] GetChromeDriver:38 - 🧹 Chrome driver quit successfully
2026-10-09 20:31:57 [DEBUG] BaseTest:49 - 🧹 Driver quit and references cleared
